<html>
<body>
<pre>
<h1>µVision Build Log</h1>
<h2>Project:</h2>
C:\Documents and Settings\dmphuong\Desktop\STM32-SDCard-SDIO-FATFS-V2\STM32-SDCard-SDIO.uvproj
Project File Date:  11/24/2011

<h2>Output:</h2>
Build target 'STM32-SDCard-SDIO'
compiling stm32f10x_it.c...
compiling sdcard.c...
compiling main.c...
user\main.c(142): warning:  #177-D: variable "i" was declared but never referenced
user\main.c(143): warning:  #177-D: variable "fn" was declared but never referenced
user\main.c(145): warning:  #177-D: variable "name" was declared but never referenced
compiling misc.c...
compiling stm32f10x_gpio.c...
compiling stm32f10x_rcc.c...
compiling stm32f10x_usart.c...
compiling stm32f10x_sdio.c...
compiling stm32f10x_dma.c...
assembling startup_stm32f10x_hd.s...
compiling system_stm32f10x.c...
compiling core_cm3.c...
compiling ff.c...
compiling diskio.c...
linking...
Program Size: Code=12192 RO-data=340 RW-data=80 ZI-data=2312  
FromELF: creating hex file...
".\Obj\STM32_SDCard-SDIO.axf" - 0 Error(s), 3 Warning(s).
Load "C:\\Documents and Settings\\dmphuong\\Desktop\\STM32-SDCard-SDIO-FATFS-V2\\Obj\\STM32_SDCard-SDIO.AXF" 
Build target 'STM32-SDCard-SDIO'
compiling stm32f10x_it.c...
compiling sdcard.c...
compiling main.c...
user\main.c(142): warning:  #177-D: variable "i" was declared but never referenced
user\main.c(143): warning:  #177-D: variable "fn" was declared but never referenced
user\main.c(145): warning:  #177-D: variable "name" was declared but never referenced
compiling misc.c...
compiling stm32f10x_gpio.c...
compiling stm32f10x_rcc.c...
compiling stm32f10x_usart.c...
compiling stm32f10x_sdio.c...
compiling stm32f10x_dma.c...
assembling startup_stm32f10x_hd.s...
compiling system_stm32f10x.c...
compiling core_cm3.c...
compiling ff.c...
compiling diskio.c...
linking...
Program Size: Code=12212 RO-data=340 RW-data=80 ZI-data=2312  
FromELF: creating hex file...
".\Obj\STM32_SDCard-SDIO.axf" - 0 Error(s), 3 Warning(s).
Load "C:\\Documents and Settings\\dmphuong\\Desktop\\STM32-SDCard-SDIO-FATFS-V2\\Obj\\STM32_SDCard-SDIO.AXF" 
Load "C:\\Documents and Settings\\dmphuong\\Desktop\\STM32-SDCard-SDIO-FATFS-V2\\Obj\\STM32_SDCard-SDIO.AXF" 
